// Jest Snapshot v1, https://goo.gl/fbAQLP

exports[`Header just with title renders correctly 1`] = `
<View
  pointerEvents="box-none"
  style={
    Object {
      "flex": 1,
    }
  }
>
  <View
    collapsable={true}
    pointerEvents="box-none"
    style={
      Object {
        "flex": 1,
      }
    }
  >
    <SafeAreaView
      style={
        Array [
          Object {
            "backgroundColor": "#01417F",
            "elevation": 4,
            "zIndex": 0,
          },
          Object {
            "shadowColor": "#000000",
            "shadowOffset": Object {
              "height": 3,
              "width": 0,
            },
            "shadowOpacity": 0.24,
            "shadowRadius": 4,
          },
        ]
      }
    >
      <View
        style={
          Object {
            "alignItems": "center",
            "backgroundColor": "#01417F",
            "elevation": 0,
            "flexDirection": "row",
            "height": 56,
            "marginTop": 0,
            "paddingHorizontal": 4,
          }
        }
      >
        <TouchableWithoutFeedback>
          <View
            style={
              Array [
                Object {
                  "flex": 1,
                  "paddingHorizontal": 12,
                },
                Array [
                  Object {
                    "marginLeft": 8,
                  },
                  Object {
                    "alignItems": "center",
                  },
                  undefined,
                ],
              ]
            }
          >
            <Text
              accessibilityRole="header"
              accessibilityTraits="header"
              accessible={true}
              numberOfLines={1}
              style={
                Array [
                  Object {
                    "color": "#000000",
                    "fontFamily": "System",
                    "fontWeight": "400",
                    "textAlign": "left",
                  },
                  Array [
                    Object {
                      "color": "#ffffff",
                      "fontFamily": "System",
                      "fontWeight": "400",
                    },
                    Object {
                      "fontSize": 17,
                    },
                    undefined,
                  ],
                ]
              }
            >
              Correios
            </Text>
          </View>
        </TouchableWithoutFeedback>
        <View
          collapsable={false}
        >
          <TouchableHighlight
            accessibilityComponentType="button"
            accessibilityRole="button"
            accessibilityStates={Array []}
            accessibilityTraits="button"
            activeOpacity={0.85}
            centered={true}
            delayPressOut={100}
            disabled={false}
            hitSlop={
              Object {
                "bottom": 6,
                "left": 6,
                "right": 6,
                "top": 6,
              }
            }
            style={
              Array [
                Object {
                  "overflow": "hidden",
                },
                Array [
                  Object {
                    "alignItems": "center",
                    "justifyContent": "center",
                    "margin": 6,
                    "overflow": "hidden",
                  },
                  Object {
                    "borderRadius": 18,
                    "height": 36,
                    "width": 36,
                  },
                  undefined,
                  undefined,
                ],
              ]
            }
            underlayColor="rgba(255, 255, 255, 0.16)"
          >
            <View>
              <View
                style={
                  Array [
                    Object {
                      "alignItems": "center",
                      "justifyContent": "center",
                    },
                    Object {
                      "height": 24,
                      "width": 24,
                    },
                  ]
                }
              >
                <View
                  style={
                    Object {
                      "bottom": 0,
                      "left": 0,
                      "opacity": 1,
                      "position": "absolute",
                      "right": 0,
                      "top": 0,
                      "transform": Array [
                        Object {
                          "rotate": "0deg",
                        },
                      ],
                    }
                  }
                >
                  <Text
                    accessibilityElementsHidden={true}
                    allowFontScaling={false}
                    importantForAccessibility="no-hide-descendants"
                    pointerEvents="none"
                    style={
                      Array [
                        Object {
                          "color": "white",
                          "fontSize": 24,
                        },
                        Array [
                          Object {
                            "transform": Array [
                              Object {
                                "scaleX": 1,
                              },
                            ],
                          },
                          Object {
                            "backgroundColor": "transparent",
                          },
                        ],
                        Object {
                          "fontFamily": "Material Design Icons",
                          "fontStyle": "normal",
                          "fontWeight": "normal",
                        },
                        Object {},
                      ]
                    }
                  >
                    ï‡™
                  </Text>
                </View>
              </View>
            </View>
          </TouchableHighlight>
        </View>
      </View>
    </SafeAreaView>
  </View>
</View>
`;

exports[`Header with title and subtitle renders correctly 1`] = `
<View
  pointerEvents="box-none"
  style={
    Object {
      "flex": 1,
    }
  }
>
  <View
    collapsable={true}
    pointerEvents="box-none"
    style={
      Object {
        "flex": 1,
      }
    }
  >
    <SafeAreaView
      style={
        Array [
          Object {
            "backgroundColor": "#01417F",
            "elevation": 4,
            "zIndex": 0,
          },
          Object {
            "shadowColor": "#000000",
            "shadowOffset": Object {
              "height": 3,
              "width": 0,
            },
            "shadowOpacity": 0.24,
            "shadowRadius": 4,
          },
        ]
      }
    >
      <View
        style={
          Object {
            "alignItems": "center",
            "backgroundColor": "#01417F",
            "elevation": 0,
            "flexDirection": "row",
            "height": 56,
            "marginTop": 0,
            "paddingHorizontal": 4,
          }
        }
      >
        <TouchableWithoutFeedback>
          <View
            style={
              Array [
                Object {
                  "flex": 1,
                  "paddingHorizontal": 12,
                },
                Array [
                  Object {
                    "marginLeft": 8,
                  },
                  Object {
                    "alignItems": "center",
                  },
                  undefined,
                ],
              ]
            }
          >
            <Text
              accessibilityRole="header"
              accessibilityTraits="header"
              accessible={true}
              numberOfLines={1}
              style={
                Array [
                  Object {
                    "color": "#000000",
                    "fontFamily": "System",
                    "fontWeight": "400",
                    "textAlign": "left",
                  },
                  Array [
                    Object {
                      "color": "#ffffff",
                      "fontFamily": "System",
                      "fontWeight": "400",
                    },
                    Object {
                      "fontSize": 17,
                    },
                    undefined,
                  ],
                ]
              }
            >
              Correios
            </Text>
            <Text
              numberOfLines={1}
              style={
                Array [
                  Object {
                    "color": "#000000",
                    "fontFamily": "System",
                    "fontWeight": "400",
                    "textAlign": "left",
                  },
                  Array [
                    Object {
                      "fontSize": 11,
                    },
                    Object {
                      "color": "rgba(255, 255, 255, 0.7)",
                    },
                    undefined,
                  ],
                ]
              }
            >
              Rastreio de pacotes
            </Text>
          </View>
        </TouchableWithoutFeedback>
        <View
          collapsable={false}
        >
          <TouchableHighlight
            accessibilityComponentType="button"
            accessibilityRole="button"
            accessibilityStates={Array []}
            accessibilityTraits="button"
            activeOpacity={0.85}
            centered={true}
            delayPressOut={100}
            disabled={false}
            hitSlop={
              Object {
                "bottom": 6,
                "left": 6,
                "right": 6,
                "top": 6,
              }
            }
            style={
              Array [
                Object {
                  "overflow": "hidden",
                },
                Array [
                  Object {
                    "alignItems": "center",
                    "justifyContent": "center",
                    "margin": 6,
                    "overflow": "hidden",
                  },
                  Object {
                    "borderRadius": 18,
                    "height": 36,
                    "width": 36,
                  },
                  undefined,
                  undefined,
                ],
              ]
            }
            underlayColor="rgba(255, 255, 255, 0.16)"
          >
            <View>
              <View
                style={
                  Array [
                    Object {
                      "alignItems": "center",
                      "justifyContent": "center",
                    },
                    Object {
                      "height": 24,
                      "width": 24,
                    },
                  ]
                }
              >
                <View
                  style={
                    Object {
                      "bottom": 0,
                      "left": 0,
                      "opacity": 1,
                      "position": "absolute",
                      "right": 0,
                      "top": 0,
                      "transform": Array [
                        Object {
                          "rotate": "0deg",
                        },
                      ],
                    }
                  }
                >
                  <Text
                    accessibilityElementsHidden={true}
                    allowFontScaling={false}
                    importantForAccessibility="no-hide-descendants"
                    pointerEvents="none"
                    style={
                      Array [
                        Object {
                          "color": "white",
                          "fontSize": 24,
                        },
                        Array [
                          Object {
                            "transform": Array [
                              Object {
                                "scaleX": 1,
                              },
                            ],
                          },
                          Object {
                            "backgroundColor": "transparent",
                          },
                        ],
                        Object {
                          "fontFamily": "Material Design Icons",
                          "fontStyle": "normal",
                          "fontWeight": "normal",
                        },
                        Object {},
                      ]
                    }
                  >
                    ï‡™
                  </Text>
                </View>
              </View>
            </View>
          </TouchableHighlight>
        </View>
      </View>
    </SafeAreaView>
  </View>
</View>
`;
