// Jest Snapshot v1, https://goo.gl/fbAQLP

exports[`Header renders correctly 1`] = `
<View
  pointerEvents="box-none"
  style={
    Object {
      "flex": 1,
    }
  }
>
  <View
    collapsable={true}
    pointerEvents="box-none"
    style={
      Object {
        "flex": 1,
      }
    }
  >
    <SafeAreaView
      style={
        Array [
          Object {
            "backgroundColor": "#01417F",
            "elevation": 4,
            "zIndex": 0,
          },
          Object {
            "shadowColor": "#000000",
            "shadowOffset": Object {
              "height": 3,
              "width": 0,
            },
            "shadowOpacity": 0.24,
            "shadowRadius": 4,
          },
        ]
      }
    >
      <View
        style={
          Object {
            "alignItems": "center",
            "backgroundColor": "#01417F",
            "elevation": 0,
            "flexDirection": "row",
            "height": 56,
            "marginTop": 0,
            "paddingHorizontal": 4,
          }
        }
      >
        <TouchableHighlight
          accessibilityComponentType="button"
          accessibilityLabel="Back"
          accessibilityRole="button"
          accessibilityStates={Array []}
          accessibilityTraits="button"
          activeOpacity={0.85}
          centered={true}
          delayPressOut={100}
          disabled={true}
          hitSlop={
            Object {
              "bottom": 6,
              "left": 6,
              "right": 6,
              "top": 6,
            }
          }
          onPress={null}
          style={
            Array [
              Object {
                "overflow": "hidden",
              },
              Array [
                Object {
                  "alignItems": "center",
                  "justifyContent": "center",
                  "margin": 6,
                  "overflow": "hidden",
                },
                Object {
                  "borderRadius": 18,
                  "height": 36,
                  "width": 36,
                },
                undefined,
                undefined,
              ],
            ]
          }
          underlayColor="rgba(255, 255, 255, 0.16)"
        >
          <View>
            <View
              style={
                Array [
                  Object {
                    "alignItems": "center",
                    "justifyContent": "center",
                  },
                  Object {
                    "height": 24,
                    "width": 24,
                  },
                ]
              }
            >
              <View
                style={
                  Object {
                    "bottom": 0,
                    "left": 0,
                    "opacity": 1,
                    "position": "absolute",
                    "right": 0,
                    "top": 0,
                    "transform": Array [
                      Object {
                        "rotate": "0deg",
                      },
                    ],
                  }
                }
              >
                <View
                  style={
                    Array [
                      Object {
                        "alignItems": "center",
                        "justifyContent": "center",
                      },
                      Object {
                        "height": 24,
                        "transform": Array [
                          Object {
                            "scaleX": 1,
                          },
                        ],
                        "width": 24,
                      },
                    ]
                  }
                >
                  <Image
                    source={
                      Object {
                        "testUri": "../../react-native-paper/lib/commonjs/assets/back-chevron.png",
                      }
                    }
                    style={
                      Array [
                        Object {
                          "height": 21,
                          "resizeMode": "contain",
                          "width": 21,
                        },
                        Object {
                          "tintColor": "#ffffff",
                        },
                      ]
                    }
                  />
                </View>
              </View>
            </View>
          </View>
        </TouchableHighlight>
        <TouchableWithoutFeedback>
          <View
            style={
              Array [
                Object {
                  "flex": 1,
                  "paddingHorizontal": 12,
                },
                Array [
                  Object {
                    "marginLeft": 8,
                  },
                  false,
                  undefined,
                ],
              ]
            }
          >
            <Text
              accessibilityRole="header"
              accessibilityTraits="header"
              accessible={true}
              numberOfLines={1}
              style={
                Array [
                  Object {
                    "color": "#000000",
                    "fontFamily": "System",
                    "fontWeight": "400",
                    "textAlign": "left",
                  },
                  Array [
                    Object {
                      "color": "#ffffff",
                      "fontFamily": "System",
                      "fontWeight": "400",
                    },
                    Object {
                      "fontSize": 17,
                    },
                    undefined,
                  ],
                ]
              }
            />
            <Text
              numberOfLines={1}
              style={
                Array [
                  Object {
                    "color": "#000000",
                    "fontFamily": "System",
                    "fontWeight": "400",
                    "textAlign": "left",
                  },
                  Array [
                    Object {
                      "fontSize": 11,
                    },
                    Object {
                      "color": "rgba(255, 255, 255, 0.7)",
                    },
                    undefined,
                  ],
                ]
              }
            >
              Informações do envio
            </Text>
          </View>
        </TouchableWithoutFeedback>
        <View
          collapsable={false}
        >
          <TouchableHighlight
            accessibilityComponentType="button"
            accessibilityRole="button"
            accessibilityStates={Array []}
            accessibilityTraits="button"
            activeOpacity={0.85}
            centered={true}
            delayPressOut={100}
            disabled={false}
            hitSlop={
              Object {
                "bottom": 6,
                "left": 6,
                "right": 6,
                "top": 6,
              }
            }
            style={
              Array [
                Object {
                  "overflow": "hidden",
                },
                Array [
                  Object {
                    "alignItems": "center",
                    "justifyContent": "center",
                    "margin": 6,
                    "overflow": "hidden",
                  },
                  Object {
                    "borderRadius": 18,
                    "height": 36,
                    "width": 36,
                  },
                  undefined,
                  undefined,
                ],
              ]
            }
            underlayColor="rgba(255, 255, 255, 0.16)"
          >
            <View>
              <View
                style={
                  Array [
                    Object {
                      "alignItems": "center",
                      "justifyContent": "center",
                    },
                    Object {
                      "height": 24,
                      "width": 24,
                    },
                  ]
                }
              >
                <View
                  style={
                    Object {
                      "bottom": 0,
                      "left": 0,
                      "opacity": 1,
                      "position": "absolute",
                      "right": 0,
                      "top": 0,
                      "transform": Array [
                        Object {
                          "rotate": "0deg",
                        },
                      ],
                    }
                  }
                >
                  <Text
                    accessibilityElementsHidden={true}
                    allowFontScaling={false}
                    importantForAccessibility="no-hide-descendants"
                    pointerEvents="none"
                    style={
                      Array [
                        Object {
                          "color": "white",
                          "fontSize": 24,
                        },
                        Array [
                          Object {
                            "transform": Array [
                              Object {
                                "scaleX": 1,
                              },
                            ],
                          },
                          Object {
                            "backgroundColor": "transparent",
                          },
                        ],
                        Object {
                          "fontFamily": "Material Design Icons",
                          "fontStyle": "normal",
                          "fontWeight": "normal",
                        },
                        Object {},
                      ]
                    }
                  >
                    
                  </Text>
                </View>
              </View>
            </View>
          </TouchableHighlight>
        </View>
      </View>
    </SafeAreaView>
  </View>
  <View
    style={
      Object {
        "bottom": 0,
        "position": "absolute",
        "width": "100%",
      }
    }
  >
    <View
      pointerEvents="box-none"
      style={
        Object {
          "bottom": "100%",
          "flexDirection": "row",
          "justifyContent": "flex-end",
          "paddingBottom": 4,
          "paddingEnd": 4,
          "position": "absolute",
          "width": "100%",
        }
      }
    >
      <TouchableWithoutFeedback
        hitSlop={
          Object {
            "bottom": 4,
            "left": 4,
            "right": 4,
            "top": 4,
          }
        }
      >
        <View
          style={
            Array [
              Object {
                "backgroundColor": "rgba(250, 186, 48, 0.95)",
              },
              Object {
                "borderRadius": 14,
                "height": 28,
                "justifyContent": "center",
                "paddingHorizontal": 12,
              },
            ]
          }
        >
          <Text
            numberOfLines={1}
            style={
              Object {
                "color": "rgba(255, 255, 255, 1)",
                "fontSize": 12,
                "includeFontPadding": false,
                "lineHeight": 16,
              }
            }
          >
            Dismiss All
          </Text>
        </View>
      </TouchableWithoutFeedback>
    </View>
    <ScrollView
      data={
        Array [
          Object {
            "category": "Warning: Failed prop type: The prop \`title\` is marked as required in \`Header\`, but its value is \`undefined\`.
    in Header",
            "warnings": Array [
              YellowBoxWarning {
                "message": Object {
                  "content": "Warning: Failed prop type: The prop \`title\` is marked as required in \`Header\`, but its value is \`undefined\`.
    in Header",
                  "substitutions": Array [],
                },
                "stack": Array [
                  Object {
                    "arguments": Array [],
                    "column": 15,
                    "file": "/Users/tkovs/Code/tracking/node_modules/prop-types/checkPropTypes.js",
                    "lineNumber": 20,
                    "methodName": "printWarning",
                  },
                  Object {
                    "arguments": Array [],
                    "column": 11,
                    "file": "/Users/tkovs/Code/tracking/node_modules/prop-types/checkPropTypes.js",
                    "lineNumber": 82,
                    "methodName": "checkPropTypes",
                  },
                  Object {
                    "arguments": Array [],
                    "column": 5,
                    "file": "/Users/tkovs/Code/tracking/node_modules/react/cjs/react.development.js",
                    "lineNumber": 1796,
                    "methodName": "validatePropTypes",
                  },
                  Object {
                    "arguments": Array [],
                    "column": 5,
                    "file": "/Users/tkovs/Code/tracking/node_modules/react/cjs/react.development.js",
                    "lineNumber": 1969,
                    "methodName": "Object.createElementWithValidation [as createElement]",
                  },
                  Object {
                    "arguments": Array [],
                    "column": 36,
                    "file": "/Users/tkovs/Code/tracking/src/screens/PacketInfo/Header/__tests__/Header.test.js",
                    "lineNumber": 9,
                    "methodName": "Object.<anonymous>",
                  },
                ],
                "symbolicated": Object {
                  "error": null,
                  "stack": null,
                  "status": "NONE",
                },
              },
            ],
          },
        ]
      }
      disableVirtualization={false}
      horizontal={false}
      initialNumToRender={10}
      maxToRenderPerBatch={10}
      numColumns={1}
      onEndReachedThreshold={2}
      removeClippedSubviews={false}
      scrollEnabled={false}
      scrollEventThrottle={50}
      scrollsToTop={false}
      stickyHeaderIndices={Array []}
      style={
        Object {
          "height": 48.5,
        }
      }
      updateCellsBatchingPeriod={50}
      viewabilityConfigCallbackPairs={Array []}
      windowSize={21}
    >
      <View
        style={null}
      >
        <TouchableWithoutFeedback>
          <View
            style={
              Array [
                Object {
                  "backgroundColor": "rgba(250, 186, 48, 0.95)",
                },
                Object {
                  "height": 48,
                  "justifyContent": "center",
                  "marginTop": 0.5,
                  "paddingHorizontal": 12,
                },
              ]
            }
          >
            <View
              style={
                Object {
                  "alignItems": "flex-start",
                  "flexDirection": "row",
                }
              }
            >
              <Text
                numberOfLines={2}
                style={
                  Object {
                    "color": "rgba(255, 255, 255, 1)",
                    "flex": 1,
                    "fontSize": 14,
                    "includeFontPadding": false,
                    "lineHeight": 18,
                  }
                }
              >
                <Text>
                  Warning: Failed prop type: The prop \`title\` is marked as required in \`Header\`, but its value is \`undefined\`.
    in Header
                </Text>
              </Text>
            </View>
          </View>
        </TouchableWithoutFeedback>
      </View>
    </ScrollView>
    <SafeAreaView
      style={
        Object {
          "backgroundColor": "rgba(250, 186, 48, 0.95)",
          "marginTop": 0.5,
        }
      }
    />
  </View>
</View>
`;
