// Jest Snapshot v1, https://goo.gl/fbAQLP

exports[`renders correctly with packets 1`] = `
<View
  pointerEvents="box-none"
  style={
    Object {
      "flex": 1,
    }
  }
>
  <View
    collapsable={true}
    pointerEvents="box-none"
    style={
      Object {
        "flex": 1,
      }
    }
  >
    <ScrollView>
      <View
        style={
          Object {
            "paddingLeft": 8,
          }
        }
      >
        <TouchableHighlight
          activeOpacity={0.85}
          delayPressOut={100}
          underlayColor="#E5E5E5"
        >
          <View
            style={
              Object {
                "color": "#f9f9f9",
                "marginVertical": 8,
              }
            }
          >
            <Text
              style={
                Object {
                  "color": "#141414",
                }
              }
            >
              iPhone 7
            </Text>
            <Text
              style={
                Object {
                  "color": "#3E8989",
                  "fontWeight": "bold",
                }
              }
            >
              delivered
            </Text>
            <Text
              style={
                Object {
                  "color": "#939393",
                }
              }
            >
              PW086958109BR
            </Text>
          </View>
        </TouchableHighlight>
        <View
          style={
            Array [
              Object {
                "backgroundColor": "rgba(0, 0, 0, 0.12)",
                "height": 0.5,
              },
              undefined,
              undefined,
            ]
          }
        />
      </View>
    </ScrollView>
  </View>
</View>
`;

exports[`renders correctly without packets 1`] = `
<View
  pointerEvents="box-none"
  style={
    Object {
      "flex": 1,
    }
  }
>
  <View
    collapsable={true}
    pointerEvents="box-none"
    style={
      Object {
        "flex": 1,
      }
    }
  />
</View>
`;
